BL51 BANKED LINKER/LOCATER V5.03                                                        08/15/2017  14:44:50  PAGE 1


BL51 BANKED LINKER/LOCATER V5.03, INVOKED BY:
C:\KEIL\C51\BIN\BL51.EXE .\STARTUP.obj, Ò£¿ØÐ¡³µÐÂ³ÌÐò.obj TO Ò£¿ØÐ¡³µÐÂ³ÌÐò


MEMORY MODEL: SMALL


INPUT MODULES INCLUDED:
  .\STARTUP.obj (?C_STARTUP)
  Ò£¿ØÐ¡³µÐÂ³ÌÐò.obj (Ò_¿Ø_____Â_Ì_ò)
  C:\KEIL\C51\LIB\C51S.LIB (?C_INIT)


LINK MAP OF MODULE:  Ò£¿ØÐ¡³µÐÂ³ÌÐò (?C_STARTUP)


            TYPE    BASE      LENGTH    RELOCATION   SEGMENT NAME
            -----------------------------------------------------

            * * * * * * *   D A T A   M E M O R Y   * * * * * * *
            REG     0000H     0008H     ABSOLUTE     "REG BANK 0"
            DATA    0008H     0004H     UNIT         ?DT?Ò_¿Ø_____Â_Ì_ò
            DATA    000CH     0001H     UNIT         _DATA_GROUP_
                    000DH     0013H                  *** GAP ***
            BIT     0020H.0   0000H.1   UNIT         ?BI?Ò_¿Ø_____Â_Ì_ò
                    0020H.1   0000H.7                *** GAP ***
            IDATA   0021H     0001H     UNIT         ?STACK

            * * * * * * *   C O D E   M E M O R Y   * * * * * * *
            CODE    0000H     0003H     ABSOLUTE     
            CODE    0003H     000FH     UNIT         ?PR?INIT?Ò_¿Ø_____Â_Ì_ò
                    0012H     0001H                  *** GAP ***
            CODE    0013H     0003H     ABSOLUTE     
            CODE    0016H     0106H     UNIT         ?PR?HONGWAI?Ò_¿Ø_____Â_Ì_ò
            CODE    011CH     008CH     UNIT         ?C_C51STARTUP
            CODE    01A8H     0018H     UNIT         ?PR?MAIN?Ò_¿Ø_____Â_Ì_ò
            CODE    01C0H     0016H     UNIT         ?PR?_DELAYMS?Ò_¿Ø_____Â_Ì_ò
            CODE    01D6H     000FH     UNIT         ?PR?DELAYH?Ò_¿Ø_____Â_Ì_ò
            CODE    01E5H     0003H     UNIT         ?C_INITSEG



OVERLAY MAP OF MODULE:   Ò£¿ØÐ¡³µÐÂ³ÌÐò (?C_STARTUP)


SEGMENT                               DATA_GROUP 
  +--> CALLED SEGMENT               START    LENGTH
---------------------------------------------------
?C_C51STARTUP                       -----    -----
  +--> ?PR?MAIN?Ò_¿Ø_____Â_Ì_ò
  +--> ?C_INITSEG

?PR?MAIN?Ò_¿Ø_____Â_Ì_ò             -----    -----
  +--> ?PR?INIT?Ò_¿Ø_____Â_Ì_ò
  +--> ?PR?_DELAYMS?Ò_¿Ø_____Â_Ì_ò

*** NEW ROOT ***************************************************

BL51 BANKED LINKER/LOCATER V5.03                                                      08/15/2017  14:44:50  PAGE 2


?PR?HONGWAI?Ò_¿Ø_____Â_Ì_ò          000CH    0001H
  +--> ?PR?DELAYH?Ò_¿Ø_____Â_Ì_ò
  +--> ?PR?_DELAYMS?Ò_¿Ø_____Â_Ì_ò



SYMBOL TABLE OF MODULE:  Ò£¿ØÐ¡³µÐÂ³ÌÐò (?C_STARTUP)

  VALUE           TYPE          NAME
  ----------------------------------

  -------         MODULE        ?C_STARTUP
  C:011CH         SEGMENT       ?C_C51STARTUP
  I:0021H         SEGMENT       ?STACK
  C:0000H         PUBLIC        ?C_STARTUP
  D:00E0H         SYMBOL        ACC
  D:00F0H         SYMBOL        B
  D:0083H         SYMBOL        DPH
  D:0082H         SYMBOL        DPL
  N:0000H         SYMBOL        IBPSTACK
  N:0100H         SYMBOL        IBPSTACKTOP
  N:0080H         SYMBOL        IDATALEN
  C:011FH         SYMBOL        IDATALOOP
  N:0000H         SYMBOL        PBPSTACK
  N:0000H         SYMBOL        PBPSTACKTOP
  N:0000H         SYMBOL        PDATALEN
  N:0000H         SYMBOL        PDATASTART
  N:0000H         SYMBOL        PPAGE
  N:0000H         SYMBOL        PPAGEENABLE
  D:00A0H         SYMBOL        PPAGE_SFR
  D:0081H         SYMBOL        SP
  C:011CH         SYMBOL        STARTUP1
  N:0000H         SYMBOL        XBPSTACK
  N:0000H         SYMBOL        XBPSTACKTOP
  N:0000H         SYMBOL        XDATALEN
  N:0000H         SYMBOL        XDATASTART
  C:0000H         LINE#         92
  C:011CH         LINE#         99
  C:011EH         LINE#         100
  C:011FH         LINE#         101
  C:0120H         LINE#         102
  C:0122H         LINE#         151
  C:0125H         LINE#         155
  -------         ENDMOD        ?C_STARTUP

  -------         MODULE        Ò_¿Ø_____Â_Ì_ò
  C:0000H         SYMBOL        _ICE_DUMMY_
  D:0080H         PUBLIC        P0
  D:00B2H         PUBLIC        P3M0
  D:0090H         PUBLIC        P1
  D:00B1H         PUBLIC        P3M1
  D:00A0H         PUBLIC        P2
  D:00B0H         PUBLIC        P3
  D:00C0H         PUBLIC        P4
  D:00C8H         PUBLIC        P5
  D:0008H         PUBLIC        ly_lhj
  B:00A8H.7       PUBLIC        EA
BL51 BANKED LINKER/LOCATER V5.03                                                      08/15/2017  14:44:50  PAGE 3


  D:00E8H         PUBLIC        P6
  D:00F8H         PUBLIC        P7
  D:00A8H         PUBLIC        IE
  D:00B8H         PUBLIC        IP
  D:00D8H         PUBLIC        CCON
  C:01A8H         PUBLIC        main
  C:01C0H         PUBLIC        _Delayms
  D:0098H         PUBLIC        SCON
  D:0089H         PUBLIC        TMOD
  D:0088H         PUBLIC        TCON
  C:0003H         PUBLIC        init
  B:0088H.5       PUBLIC        TF0
  D:008CH         PUBLIC        TH0
  B:0088H.2       PUBLIC        IT1
  B:00A8H.2       PUBLIC        EX1
  D:008AH         PUBLIC        TL0
  B:0088H.4       PUBLIC        TR0
  B:00B0H.3       PUBLIC        hwx
  B:0020H.0       PUBLIC        ly_flag
  B:00B0H.2       PUBLIC        d
  C:0016H         PUBLIC        hongwai
  B:00B0H.5       PUBLIC        y
  B:00B0H.4       PUBLIC        z
  C:01D6H         PUBLIC        delayh
  D:00D0H         PUBLIC        PSW
  -------         PROC          _DELAYMS
  D:0006H         SYMBOL        t
  -------         DO            
  D:0005H         SYMBOL        i
  -------         ENDDO         
  C:01C0H         LINE#         16
  C:01C0H         LINE#         17
  C:01C0H         LINE#         19
  C:01CAH         LINE#         20
  C:01D5H         LINE#         21
  -------         ENDPROC       _DELAYMS
  -------         PROC          INIT
  C:0003H         LINE#         23
  C:0003H         LINE#         24
  C:0003H         LINE#         25
  C:0006H         LINE#         27
  C:0008H         LINE#         28
  C:000AH         LINE#         30
  C:000DH         LINE#         31
  C:000FH         LINE#         33
  C:0011H         LINE#         34
  -------         ENDPROC       INIT
  -------         PROC          MAIN
  C:01A8H         LINE#         36
  C:01A8H         LINE#         37
  C:01A8H         LINE#         38
  C:01AEH         LINE#         39
  C:01B1H         LINE#         40
  C:01B4H         LINE#         41
  C:01B7H         LINE#         42
  C:01B7H         LINE#         43
  C:01B7H         LINE#         44
BL51 BANKED LINKER/LOCATER V5.03                                                      08/15/2017  14:44:50  PAGE 4


  C:01BEH         LINE#         45
  -------         ENDPROC       MAIN
  -------         PROC          DELAYH
  -------         DO            
  D:0006H         SYMBOL        i
  -------         ENDDO         
  C:01D6H         LINE#         48
  C:01D6H         LINE#         49
  C:01DAH         LINE#         50
  C:01E4H         LINE#         51
  -------         ENDPROC       DELAYH
  -------         PROC          HONGWAI
  -------         DO            
  D:0005H         SYMBOL        i
  D:000CH         SYMBOL        ia
  -------         ENDDO         
  C:0016H         LINE#         53
  C:0029H         LINE#         57
  C:002CH         LINE#         58
  C:002FH         LINE#         59
  C:0031H         LINE#         60
  C:0034H         LINE#         61
  C:0036H         LINE#         62
  C:004AH         LINE#         65
  C:004DH         LINE#         66
  C:004FH         LINE#         67
  C:0052H         LINE#         68
  C:0055H         LINE#         69
  C:005FH         LINE#         71
  C:005FH         LINE#         72
  C:0061H         LINE#         73
  C:006BH         LINE#         77
  C:006DH         LINE#         78
  C:0070H         LINE#         79
  C:0073H         LINE#         81
  C:0076H         LINE#         82
  C:0078H         LINE#         83
  C:007BH         LINE#         84
  C:007EH         LINE#         85
  C:0088H         LINE#         87
  C:0088H         LINE#         88
  C:008AH         LINE#         90
  C:0096H         LINE#         91
  C:009DH         LINE#         92
  C:00A5H         LINE#         93
  C:00AEH         LINE#         94
  C:00B2H         LINE#         95
  C:00B4H         LINE#         97
  C:00B9H         LINE#         98
  C:00B9H         LINE#         99
  C:00BDH         LINE#         100
  C:00BDH         LINE#         101
  C:00C2H         LINE#         102
  C:00C2H         LINE#         103
  C:00C6H         LINE#         104
  C:00CDH         LINE#         105
  C:00D1H         LINE#         106
BL51 BANKED LINKER/LOCATER V5.03                                                      08/15/2017  14:44:50  PAGE 5


  C:00D1H         LINE#         108
  C:00D6H         LINE#         109
  C:00D6H         LINE#         110
  C:00DAH         LINE#         111
  C:00E1H         LINE#         112
  C:00E5H         LINE#         113
  C:00E5H         LINE#         115
  C:00EAH         LINE#         116
  C:00EAH         LINE#         118
  C:00EEH         LINE#         119
  C:00EEH         LINE#         120
  C:00F3H         LINE#         121
  C:00F3H         LINE#         123
  C:00F7H         LINE#         124
  C:00F7H         LINE#         125
  C:00FCH         LINE#         126
  C:00FCH         LINE#         127
  C:0100H         LINE#         128
  C:0100H         LINE#         130
  C:0105H         LINE#         131
  C:0105H         LINE#         132
  C:0109H         LINE#         133
  C:0109H         LINE#         135
  C:010BH         LINE#         136
  -------         ENDPROC       HONGWAI
  -------         ENDMOD        Ò_¿Ø_____Â_Ì_ò

Program Size: data=14.1 xdata=0 code=487
LINK/LOCATE RUN COMPLETE.  0 WARNING(S),  0 ERROR(S)
